gpg-pubkey-c2a1e572-668fe8ef 1720707311 0 installed
gpg-pubkey-e37ed158-65785fa9 1702387625 0 installed
libgcc-14.3.1-4.4.el10.alma.2.x86_64 1772111059 277156 installed
ghc-srpm-macros-1.9.2-1.el10_0.noarch 1745569162 779 installed
fpc-srpm-macros-1.3-7.el10_1.noarch 1755334968 144 installed
ansible-srpm-macros-1-21.el10_2.noarch 1775683801 36518 installed
rust-toolset-srpm-macros-1.92.0-2.el10_2.alma.1.noarch 1789406620 2058 installed
qt6-srpm-macros-6.10.1-1.el10.noarch 1765395372 464 installed
perl-srpm-macros-1-57.el10.noarch 1734187617 861 installed
package-notes-srpm-macros-0.5-13.el10.noarch 1734185638 1601 installed
openblas-srpm-macros-2-19.el10.noarch 1733929368 112 installed
ocaml-srpm-macros-10-4.el10.noarch 1733929149 1959 installed
kernel-srpm-macros-1.0-27.el10.noarch 1765923590 1957 installed
publicsuffix-list-dafsa-20240107-5.el10.noarch 1734189502 69171 installed
pkgconf-m4-2.1.0-3.el10.noarch 1734174077 14252 installed
pcre2-syntax-10.44-1.el10.3.noarch 1734183240 257634 installed
ncurses-base-6.4-15.20240127.el10_1.noarch 1774527579 334036 installed
libssh-config-0.12.0-3.el10_2.noarch 1787014990 277 installed
coreutils-common-9.5-8.el10_2.1.x86_64 1789560488 11696117 installed
almalinux-gpg-keys-10.2-21.el10.x86_64 1779787804 1652 installed
almalinux-release-10.2-21.el10.x86_64 1779787804 36930 installed
almalinux-repos-10.2-21.el10.x86_64 1779787804 8842 installed
setup-2.14.5-7.el10.noarch 1749151765 737783 installed
filesystem-3.18-17.el10.x86_64 1752686252 106 installed
basesystem-11-22.el10.noarch 1734045537 0 installed
glibc-gconv-extra-2.39-128.el10_2.alma.1.x86_64 1784636362 8165878 installed
ncurses-libs-6.4-15.20240127.el10_1.x86_64 1774527582 985279 installed
glibc-2.39-128.el10_2.alma.1.x86_64 1784636362 6554610 installed
bash-5.2.26-6.el10.x86_64 1741028594 8546555 installed
glibc-common-2.39-128.el10_2.alma.1.x86_64 1784636362 1077018 installed
glibc-minimal-langpack-2.39-128.el10_2.alma.1.x86_64 1784636362 0 installed
zlib-ng-compat-2.2.3-3.el10_1.x86_64 1770277085 144984 installed
bzip2-libs-1.0.8-25.el10.x86_64 1739793622 82508 installed
xz-libs-1:5.6.2-4.el10_2.1.x86_64 1788868045 219435 installed
libacl-2.4.0-1.el10_2.x86_64 1784654087 45026 installed
libstdc++-14.3.1-4.4.el10.alma.2.x86_64 1772111059 2974265 installed
libuuid-2.40.2-18.el10.x86_64 1772616096 38205 installed
popt-1.19-8.el10.x86_64 1734182146 140018 installed
readline-8.2-11.el10.x86_64 1734229259 500661 installed
libblkid-2.40.2-18.el10.x86_64 1772616096 268722 installed
gmp-1:6.2.1-12.el10.x86_64 1751972776 821624 installed
libxcrypt-4.4.36-10.el10.x86_64 1733850318 269013 installed
libzstd-1.5.5-9.el10.x86_64 1734225610 757350 installed
elfutils-libelf-0.194-2.el10_2.x86_64 1775585482 1177020 installed
crypto-policies-20260216-1.git0e54016.el10_2.2.alma.1.noarch 1787683141 121971 installed
gdbm-libs-1:1.23-12.el10_0.x86_64 1747265717 124802 installed
libattr-2.6.0-1.el10_2.x86_64 1787663549 29077 installed
libeconf-0.6.2-4.el10.x86_64 1733853768 59264 installed
dwz-0.16-1.el10.x86_64 1752668350 301844 installed
mpfr-4.2.1-8.el10.x86_64 1772661311 860061 installed
unzip-6.0-69.el10.x86_64 1750333114 411923 installed
file-libs-5.45-9.el10.x86_64 1772798627 10414622 installed
file-5.45-9.el10.x86_64 1772798627 105823 installed
alternatives-1.30-2.el10.x86_64 1734038722 67745 installed
jansson-2.14-3.el10.x86_64 1734103152 91133 installed
libcap-ng-0.8.4-6.el10.x86_64 1733842566 70563 installed
audit-libs-4.0.3-5.el10.x86_64 1768993857 367793 installed
pam-libs-1.6.1-9.el10_2.1.x86_64 1787679239 137919 installed
libcap-2.69-7.el10_2.1.x86_64 1779286980 223951 installed
systemd-libs-257-23.el10_2.2.alma.1.x86_64 1780480095 2399722 installed
libffi-3.4.4-10.el10.x86_64 1747823536 87528 installed
libsepol-3.10-1.el10.x86_64 1771421990 853723 installed
libsmartcols-2.40.2-18.el10.x86_64 1772616096 184594 installed
libtasn1-4.20.0-5.el10_2.x86_64 1782266294 180507 installed
libunistring-1.1-10.el10.x86_64 1733904176 1816877 installed
libidn2-2.3.7-3.el10.x86_64 1733850022 336858 installed
lua-libs-5.4.6-7.el10.x86_64 1734109366 287675 installed
lz4-libs-1.9.4-8.el10.x86_64 1734119549 136459 installed
pcre2-10.44-1.el10.3.x86_64 1734182345 668922 installed
libselinux-3.10-1.el10.x86_64 1771427476 201757 installed
sed-4.9-5.el10.x86_64 1772782921 881955 installed
findutils-1:4.10.0-5.el10.x86_64 1734029841 1942695 installed
grep-3.11-10.el10.x86_64 1734032278 1042042 installed
xz-1:5.6.2-4.el10_2.1.x86_64 1788868045 1244800 installed
libmount-2.40.2-18.el10.x86_64 1772616096 364210 installed
util-linux-core-2.40.2-18.el10.x86_64 1772616096 1542981 installed
libsemanage-3.10-1.el10.x86_64 1771428438 319507 installed
shadow-utils-2:4.15.0-11.el10.x86_64 1772803816 4269722 installed
libutempter-1.2.1-15.el10.x86_64 1733852925 58809 installed
tar-2:1.35-13.el10_2.x86_64 1788187913 3106734 installed
zstd-1.5.5-9.el10.x86_64 1734225610 1656557 installed
libpsl-0.21.5-6.el10.x86_64 1733849977 82352 installed
p11-kit-0.26.4-1.el10_2.x86_64 1785768808 2672786 installed
p11-kit-trust-0.26.4-1.el10_2.x86_64 1785768808 477289 installed
openssl-fips-provider-1:3.5.8-1.el10_2.alma.1.x86_64 1789385007 2489282 installed
openssl-libs-1:3.5.8-1.el10_2.alma.1.x86_64 1789385007 6872531 installed
coreutils-9.5-8.el10_2.1.x86_64 1789560488 5714866 installed
ca-certificates-2025.2.80_v9.0.305-102.el10_1.noarch 1763138081 2801276 installed
authselect-libs-1.5.2-1.el10.x86_64 1770798670 923738 installed
gzip-1.13-4.el10_2.x86_64 1788191359 398198 installed
cracklib-2.9.11-8.el10.x86_64 1734033833 244461 installed
cracklib-dicts-2.9.11-8.el10.x86_64 1734033833 9815811 installed
libpwquality-1.4.5-12.el10.x86_64 1733850696 427194 installed
libevent-2.1.13-1.el10_2.x86_64 1789561059 922579 installed
rpm-sequoia-1.10.1.1-2.el10.x86_64 1772782143 2652128 installed
zip-3.0-45.el10.x86_64 1755248080 726153 installed
cyrus-sasl-lib-2.1.28-30.el10_2.x86_64 1780480452 732566 installed
openldap-2.6.10-1.el10.x86_64 1768893284 518947 installed
gdbm-1:1.23-12.el10_0.x86_64 1747265717 471407 installed
pam-1.6.1-9.el10_2.1.x86_64 1787679239 1849170 installed
libfdisk-2.40.2-18.el10.x86_64 1772616096 379794 installed
bzip2-1.0.8-25.el10.x86_64 1739793622 97597 installed
sqlite-libs-3.46.1-6.el10_2.x86_64 1787574487 1571640 installed
rpm-libs-4.19.1.1-23.el10.alma.1.x86_64 1771363610 743168 installed
ed-1.20-5.el10.x86_64 1734036248 149356 installed
patch-2.7.6-26.el10.x86_64 1734153030 264738 installed
elfutils-default-yama-scope-0.194-2.el10_2.noarch 1775581598 1810 installed
cpio-2.15-3.el10.x86_64 1734031711 1150520 installed
diffutils-3.10-8.el10.x86_64 1734026420 1657323 installed
json-c-0.18-3.el10.x86_64 1734112482 84530 installed
keyutils-libs-1.6.3-5.el10.x86_64 1737113140 54083 installed
libbrotli-1.1.0-7.el10_1.x86_64 1768929854 865506 installed
libcbor-0.11.0-3.el10.x86_64 1733899191 75535 installed
libfido2-1.14.0-7.el10.x86_64 1733850183 243356 installed
libcom_err-1.47.1-5.el10.x86_64 1764176485 68697 installed
libgomp-14.3.1-4.4.el10.alma.2.x86_64 1772111059 540232 installed
libnghttp2-1.68.0-3.el10_2.2.x86_64 1786669702 165820 installed
libpkgconf-2.1.0-3.el10.x86_64 1734172741 75857 installed
pkgconf-2.1.0-3.el10.x86_64 1734172741 84218 installed
pkgconf-pkg-config-2.1.0-3.el10.x86_64 1734172741 989 installed
libverto-0.3.2-10.el10.x86_64 1733855959 30045 installed
krb5-libs-1.21.3-10.el10_2.x86_64 1779304413 2408813 installed
libssh-0.12.0-3.el10_2.x86_64 1787012979 699580 installed
elfutils-libs-0.194-2.el10_2.x86_64 1775585482 707101 installed
elfutils-debuginfod-client-0.194-2.el10_2.x86_64 1775585482 81778 installed
binutils-gold-2.41-63.el10.alma.1.x86_64 1772647031 2173395 installed
binutils-2.41-63.el10.alma.1.x86_64 1772647031 27832332 installed
elfutils-0.194-2.el10_2.x86_64 1775585482 3107374 installed
debugedit-5.1-8.el10.x86_64 1751369369 205423 installed
rpm-build-libs-4.19.1.1-23.el10.alma.1.x86_64 1771363610 203064 installed
rpm-4.19.1.1-23.el10.alma.1.x86_64 1771363610 3101173 installed
efi-srpm-macros-6-6.el10.alma.1.noarch 1734440590 41092 installed
lua-srpm-macros-1-15.el10.noarch 1734113187 1367 installed
fonts-srpm-macros-1:2.0.5-18.el10.noarch 1734052831 57184 installed
forge-srpm-macros-0.4.0-6.el10.noarch 1736711136 39882 installed
go-srpm-macros-3.8.0-1.el10.noarch 1758831879 61920 installed
python-srpm-macros-3.12-11.el10.noarch 1766738522 52640 installed
redhat-rpm-config-295-1.el10.alma.1.noarch 1769677355 184132 installed
rpm-build-4.19.1.1-23.el10.alma.1.x86_64 1771363610 176869 installed
pyproject-srpm-macros-1.18.5-1.el10.noarch 1765414691 1945 installed
R-srpm-macros-1.3.7-1.el10_2.noarch 1774883158 3626 installed
epel-rpm-macros-10-7.el10_2.noarch 1774638734 762 installed
util-linux-2.40.2-18.el10.x86_64 1772616096 3884882 installed
authselect-1.5.2-1.el10.x86_64 1770798670 218168 installed
which-2.21-44.el10_0.x86_64 1754377721 85738 installed
info-7.1-6.el10.x86_64 1738055043 363386 installed
libxml2-2.12.5-10.el10_2.4.x86_64 1790271235 1795491 installed
libcurl-8.12.1-4.el10_2.6.x86_64 1789990166 858358 installed
curl-8.12.1-4.el10_2.6.x86_64 1789990166 465472 installed
libarchive-3.7.7-11.el10_2.x86_64 1790064295 961194 installed
gdb-minimal-16.3-3.1.el10_2.x86_64 1790707000 13747801 installed
gawk-5.3.0-6.el10_2.1.x86_64 1790704023 1793608 installed
libmpc-1.3.1-7.el10.x86_64 1733854663 168484 installed
cmake-filesystem-3.31.8-1.el10.x86_64 1758819681 0 installed
zlib-ng-compat-devel-2.2.3-3.el10_1.x86_64 1770277085 109541 installed
lmdb-libs-0.9.32-4.el10.x86_64 1734115837 111854 installed
lmdb-0.9.32-4.el10.x86_64 1734115837 75731 installed
cpp-14.3.1-4.4.el10.alma.2.x86_64 1772111059 40432232 installed
yajl-2.1.0-25.el10.x86_64 1782997828 88160 installed
xz-devel-1:5.6.2-4.el10_2.1.x86_64 1788868045 261732 installed
publicsuffix-list-20240107-5.el10.noarch 1734189502 325682 installed
libpsl-devel-0.21.5-6.el10.x86_64 1733849977 112933 installed
pcre2-utf32-10.44-1.el10.3.x86_64 1734182345 575360 installed
pcre2-utf16-10.44-1.el10.3.x86_64 1734182345 604080 installed
pcre2-devel-10.44-1.el10.3.x86_64 1734182345 2057710 installed
openssl-devel-1:3.5.8-1.el10_2.alma.1.x86_64 1789385007 4695240 installed
m4-1.4.19-11.el10.x86_64 1734126823 606934 installed
libverto-devel-0.3.2-10.el10.x86_64 1733855959 26313 installed
libstdc++-devel-14.3.1-4.4.el10.alma.2.x86_64 1772111059 16257943 installed
libsepol-devel-3.10-1.el10.x86_64 1771421990 124454 installed
libselinux-devel-3.10-1.el10.x86_64 1771427476 130954 installed
libnghttp2-devel-1.68.0-3.el10_2.2.x86_64 1786669702 294891 installed
libidn2-devel-2.3.7-3.el10.x86_64 1733850022 258177 installed
libcom_err-devel-1.47.1-5.el10.x86_64 1764176485 17068 installed
keyutils-libs-devel-1.6.3-5.el10.x86_64 1737113140 49397 installed
kernel-headers-6.12.0-211.56.1.el10_2.x86_64 1789734509 7073348 installed
libxcrypt-devel-4.4.36-10.el10.x86_64 1733850318 30995 installed
glibc-devel-2.39-128.el10_2.alma.1.x86_64 1784636362 2350907 installed
brotli-1.1.0-7.el10_1.x86_64 1768929854 32370 installed
brotli-devel-1.1.0-7.el10_1.x86_64 1768929854 67168 installed
annobin-docs-13.02-2.el10.noarch 1768993423 101309 installed
openssh-9.9p1-27.el10_2.alma.1.x86_64 1790001780 1444043 installed
ncurses-6.4-15.20240127.el10_1.x86_64 1774527582 634674 installed
make-1:4.4.1-9.el10.x86_64 1734102928 1880255 installed
gcc-14.3.1-4.4.el10.alma.2.x86_64 1772111059 114806563 installed
libkadm5-1.21.3-10.el10_2.x86_64 1779304413 219062 installed
krb5-devel-1.21.3-10.el10_2.x86_64 1779304413 722845 installed
libssh-devel-0.12.0-3.el10_2.x86_64 1787012979 208606 installed
libedit-3.1-52.20230828cvs.el10.x86_64 1733854520 249638 installed
openssh-clients-9.9p1-27.el10_2.alma.1.x86_64 1790001780 2728158 installed
less-661-3.el10.x86_64 1734103679 410421 installed
groff-base-1.23.0-10.el10.x86_64 1734033526 4033062 installed
perl-Digest-1.20-511.el10.noarch 1734171286 36060 installed
perl-Digest-MD5-2.59-6.el10.x86_64 1734173450 61064 installed
perl-B-0:1.89-515.el10_2.x86_64 1789364826 505804 installed
perl-FileHandle-0:2.05-515.el10_2.noarch 1789364884 9568 installed
perl-Data-Dumper-2.189-512.el10.x86_64 1734183652 114238 installed
perl-libnet-3.15-512.el10.noarch 1734174643 295890 installed
perl-AutoLoader-0:5.74-515.el10_2.noarch 1789364884 21028 installed
perl-URI-5.27-3.el10.noarch 1734156580 245507 installed
perl-Text-Tabs+Wrap-2024.001-511.el10.noarch 1734341483 23045 installed
perl-Mozilla-CA-20231213-5.el10.noarch 1734190987 9370 installed
perl-if-0:0.61.000-515.el10_2.noarch 1789364884 5948 installed
perl-locale-0:1.12-515.el10_2.noarch 1789364884 6653 installed
perl-IO-Socket-IP-0.42-512.el10.noarch 1734154166 100992 installed
perl-Time-Local-2:1.350-511.el10.noarch 1734183679 70554 installed
perl-File-Path-2.18-512.el10.noarch 1765910057 65002 installed
perl-IO-Socket-SSL-2.085-3.el10.noarch 1734155500 701396 installed
perl-Net-SSLeay-1.94-8.el10.x86_64 1749458549 1403892 installed
perl-Pod-Escapes-1:1.07-511.el10.noarch 1734154351 25476 installed
perl-Class-Struct-0:0.68-515.el10_2.noarch 1789364884 25967 installed
perl-Term-ANSIColor-5.01-512.el10.noarch 1734159257 99820 installed
perl-POSIX-0:2.20-515.el10_2.x86_64 1789364826 236576 installed
perl-IPC-Open3-0:1.22-515.el10_2.noarch 1789364884 22995 installed
perl-File-Temp-1:0.231.100-512.el10.noarch 1734189983 166172 installed
perl-HTTP-Tiny-0.088-512.el10.noarch 1734176231 155788 installed
perl-Term-Cap-1.18-511.el10.noarch 1734161153 29958 installed
perl-Pod-Simple-1:3.45-511.el10.noarch 1734160679 573280 installed
perl-Socket-4:2.038-511.el10.x86_64 1734172822 126873 installed
perl-SelectSaver-0:1.02-515.el10_2.noarch 1789364884 2220 installed
perl-Symbol-0:1.09-515.el10_2.noarch 1789364884 6976 installed
perl-File-stat-0:1.14-515.el10_2.noarch 1789364884 12808 installed
perl-podlators-1:5.01-511.el10.noarch 1734185791 315477 installed
perl-Pod-Perldoc-3.28.01-512.el10.noarch 1734158919 166972 installed
perl-Fcntl-0:1.18-515.el10_2.x86_64 1789364826 45991 installed
perl-Text-ParseWords-3.31-511.el10.noarch 1734164890 13839 installed
perl-base-0:2.27-515.el10_2.noarch 1789364884 12843 installed
perl-mro-0:1.29-515.el10_2.x86_64 1789364826 46620 installed
perl-IO-0:1.55-515.el10_2.x86_64 1789364826 154611 installed
perl-overloading-0:0.02-515.el10_2.noarch 1789364884 4961 installed
perl-Pod-Usage-4:2.03-511.el10.noarch 1734162375 86712 installed
perl-Errno-0:1.38-515.el10_2.x86_64 1789364826 8531 installed
perl-File-Basename-0:2.86-515.el10_2.noarch 1789364884 14342 installed
perl-Getopt-Std-0:1.14-515.el10_2.noarch 1789364884 11449 installed
perl-MIME-Base64-3.16-511.el10.x86_64 1734155034 47068 installed
perl-Scalar-List-Utils-5:1.63-511.el10.x86_64 1734170950 148846 installed
perl-constant-1.33-512.el10.noarch 1734163715 26840 installed
perl-Storable-1:3.32-511.el10.x86_64 1734178776 237810 installed
perl-overload-0:1.37-515.el10_2.noarch 1789364884 73253 installed
perl-parent-1:0.241-512.el10.noarch 1734181849 9959 installed
perl-vars-0:1.05-515.el10_2.noarch 1789364884 3960 installed
perl-Getopt-Long-1:2.58-3.el10.noarch 1734161264 147853 installed
perl-Carp-1.54-511.el10.noarch 1734187352 47652 installed
perl-Exporter-5.78-511.el10.noarch 1734188924 55539 installed
perl-PathTools-3.91-512.el10.x86_64 1738054644 182916 installed
perl-DynaLoader-0:1.56-515.el10_2.x86_64 1789364826 32841 installed
perl-Encode-4:3.21-511.el10.x86_64 1734177504 4930706 installed
perl-libs-4:5.40.2-515.el10_2.x86_64 1789364826 10249512 installed
perl-interpreter-4:5.40.2-515.el10_2.x86_64 1789364826 125186 installed
perl-threads-1:2.40-511.el10.x86_64 1734187444 117753 installed
perl-threads-shared-1.69-511.el10.x86_64 1734188973 85605 installed
perl-Thread-Queue-3.14-511.el10.noarch 1734174310 29532 installed
perl-Error-1:0.17029-18.el10.noarch 1734187240 79070 installed
perl-File-Compare-0:1.100.800-515.el10_2.noarch 1789364884 5716 installed
perl-File-Copy-0:2.41-515.el10_2.noarch 1789364884 20089 installed
perl-File-Find-0:1.44-515.el10_2.noarch 1789364884 42952 installed
perl-TermReadKey-2.38-24.el10.x86_64 1734167555 65478 installed
perl-lib-0:0.65-515.el10_2.x86_64 1789364826 8711 installed
expat-2.7.3-1.el10_2.3.x86_64 1788867934 320503 installed
git-core-2.52.0-1.el10.x86_64 1769721551 25100873 installed
git-core-doc-2.52.0-1.el10.noarch 1769721514 16243502 installed
perl-Git-2.52.0-1.el10.noarch 1769721514 65857 installed
git-2.52.0-1.el10.x86_64 1769721551 57743 installed
emacs-filesystem-1:29.4-13.el10_2.noarch 1784039973 0 installed
autoconf-2.71-13.el10.noarch 1747809352 2538885 installed
automake-1.16.5-20.el10.noarch 1738056686 1826990 installed
libtool-2.4.7-13.el10.x86_64 1733847630 2775862 installed
libcurl-devel-8.12.1-4.el10_2.6.x86_64 1789990166 1359156 installed
annobin-plugin-gcc-13.02-2.el10.x86_64 1768993506 1033576 installed
gcc-c++-14.3.1-4.4.el10.alma.2.x86_64 1772111059 43853023 installed
gcc-plugin-annobin-14.3.1-4.4.el10.alma.2.x86_64 1772111059 57994 installed
libxml2-devel-2.12.5-10.el10_2.4.x86_64 1790271235 3551698 installed
yajl-devel-2.1.0-25.el10.x86_64 1782997828 27232 installed
lmdb-devel-0.9.32-4.el10.x86_64 1734115837 74266 installed
patchelf-0.18.0-6.el10_0.x86_64 1725559328 302685 installed
